// Jest Snapshot v1, https://goo.gl/fbAQLP

exports[`Header renders correctly 1`] = `
<div
  class="loader-wrapper"
>
  <div
    class="app-loader"
  >
    <span />
  </div>
</div>
`;
